/TEST_OUTPUT/workspace/src/main.cpp
Diagnostics in File: 3
ERROR at L2:C10: 'helper.hpp' file not found (Source: clang, Code: pp_file_not_found)
ERROR at L11:C3: Use of undeclared identifier 'helperFunction' (Source: clang, Code: undeclared_var_use)
ERROR at L12:C3: Unknown type name 'TestClass' (Source: clang, Code: unknown_typename)

1|#include <iostream>
2|#include "helper.hpp"
3|
4|// FooBar is a simple function for testing
...
10|int main() {
11|  helperFunction();
12|  TestClass tc;
13|  tc.method(1);
14|  return 0;
